INFO:root:Connected Successfully
INFO:root:API request Successfull
INFO:root:Connection close
INFO:root:Connected Successfully
INFO:root:API request Successfull
WARNING:root:Duplicate skipped: Seventh Day of Hanukkah - 2025-01-01
WARNING:root:Duplicate skipped: New Year's Day - 2025-01-01
WARNING:root:Duplicate skipped: Seventh Day of Kwanzaa - 2025-01-01
WARNING:root:Duplicate skipped: Eighth Day of Hanukkah - 2025-01-02
WARNING:root:Duplicate skipped: Epiphany - 2025-01-06
WARNING:root:Duplicate skipped: Orthodox Christmas Eve - 2025-01-06
WARNING:root:Duplicate skipped: Orthodox Christmas Day - 2025-01-07
WARNING:root:Duplicate skipped: Stephen Foster Memorial Day - 2025-01-13
WARNING:root:Duplicate skipped: Orthodox New Year's Day - 2025-01-14
WARNING:root:Duplicate skipped: Inauguration Day - 2025-01-20
WARNING:root:Duplicate skipped: Martin Luther King Jr. Day - 2025-01-20
WARNING:root:Duplicate skipped: Chinese New Year's Day - 2025-01-29
WARNING:root:Duplicate skipped: National Freedom Day - 2025-02-01
WARNING:root:Duplicate skipped: Groundhog Day - 2025-02-02
WARNING:root:Duplicate skipped: Super Bowl Sunday - 2025-02-02
WARNING:root:Duplicate skipped: National Wear Red Day - 2025-02-07
WARNING:root:Duplicate skipped: Valentine's Day - 2025-02-14
WARNING:root:Duplicate skipped: George Washington's Birthday - 2025-02-17
WARNING:root:Duplicate skipped: NHL Trade Deadline - 2025-02-24
WARNING:root:Duplicate skipped: Saint David's Day - 2025-03-01
WARNING:root:Duplicate skipped: Read Across America Day - 2025-03-02
WARNING:root:Duplicate skipped: Shrove Tuesday - 2025-03-04
WARNING:root:Duplicate skipped: Ash Wednesday - 2025-03-05
WARNING:root:Duplicate skipped: Employee Appreciation Day - 2025-03-07
WARNING:root:Duplicate skipped: Start of Daylight Saving Time - 2025-03-09
WARNING:root:Duplicate skipped: Saint Patrick's Day - 2025-03-17
WARNING:root:Duplicate skipped: March Equinox - 2025-03-20
WARNING:root:Duplicate skipped: National Vietnam War Veterans Day - 2025-03-29
WARNING:root:Duplicate skipped: April Fools' Day - 2025-04-01
WARNING:root:Duplicate skipped: National Tartan Day - 2025-04-06
WARNING:root:Duplicate skipped: Palm Sunday - 2025-04-13
WARNING:root:Duplicate skipped: Thomas Jefferson's Birthday - 2025-04-13
WARNING:root:Duplicate skipped: Tax Day - 2025-04-15
WARNING:root:Duplicate skipped: Maundy Thursday - 2025-04-17
WARNING:root:Duplicate skipped: Good Friday - 2025-04-18
WARNING:root:Duplicate skipped: Orthodox Good Friday - 2025-04-18
WARNING:root:Duplicate skipped: Holy Saturday - 2025-04-19
WARNING:root:Duplicate skipped: Orthodox Holy Saturday - 2025-04-19
WARNING:root:Duplicate skipped: Easter - 2025-04-20
WARNING:root:Duplicate skipped: Orthodox Easter - 2025-04-20
WARNING:root:Duplicate skipped: Boston Marathon - 2025-04-21
WARNING:root:Duplicate skipped: Easter Monday - 2025-04-21
WARNING:root:Duplicate skipped: Orthodox Easter Monday - 2025-04-21
WARNING:root:Duplicate skipped: Earth Day - 2025-04-22
WARNING:root:Duplicate skipped: Administrative Professionals Day - 2025-04-23
WARNING:root:Duplicate skipped: Take our Daughters and Sons to Work Day - 2025-04-24
WARNING:root:Duplicate skipped: National Arbor Day - 2025-04-25
WARNING:root:Duplicate skipped: Law Day - 2025-05-01
WARNING:root:Duplicate skipped: Loyalty Day - 2025-05-01
WARNING:root:Duplicate skipped: National Day of Prayer - 2025-05-01
WARNING:root:Duplicate skipped: Kentucky Oaks - 2025-05-02
WARNING:root:Duplicate skipped: Kentucky Derby - 2025-05-03
WARNING:root:Duplicate skipped: National Explosive Ordnance Disposal (EOD) Day - 2025-05-03
WARNING:root:Duplicate skipped: Star Wars Day - 2025-05-04
WARNING:root:Duplicate skipped: Cinco de Mayo - 2025-05-05
WARNING:root:Duplicate skipped: National Nurses Day - 2025-05-06
WARNING:root:Duplicate skipped: Victory in Europe Day - 2025-05-08
WARNING:root:Duplicate skipped: Military Spouse Appreciation Day - 2025-05-09
WARNING:root:Duplicate skipped: Mother's Day - 2025-05-11
WARNING:root:Duplicate skipped: Peace Officers Memorial Day - 2025-05-15
WARNING:root:Duplicate skipped: National Defense Transportation Day - 2025-05-16
WARNING:root:Duplicate skipped: Armed Forces Day - 2025-05-17
WARNING:root:Duplicate skipped: Preakness Stakes - 2025-05-17
WARNING:root:Duplicate skipped: Emergency Medical Services for Children Day - 2025-05-21
WARNING:root:Duplicate skipped: National Maritime Day - 2025-05-22
WARNING:root:Duplicate skipped: National Missing Children's Day - 2025-05-25
WARNING:root:Duplicate skipped: Memorial Day - 2025-05-26
WARNING:root:Duplicate skipped: Feast of the Ascension of Jesus Christ - 2025-05-29
WARNING:root:Duplicate skipped: D-Day - 2025-06-06
WARNING:root:Duplicate skipped: Pentecost - 2025-06-08
WARNING:root:Duplicate skipped: Pentecost Monday - 2025-06-09
WARNING:root:Duplicate skipped: Army Birthday - 2025-06-14
WARNING:root:Duplicate skipped: Flag Day - 2025-06-14
WARNING:root:Duplicate skipped: Father's Day - 2025-06-15
WARNING:root:Duplicate skipped: Trinity Sunday - 2025-06-15
WARNING:root:Duplicate skipped: Feast of Corpus Christi - 2025-06-19
WARNING:root:Duplicate skipped: Juneteenth National Independence Day - 2025-06-19
WARNING:root:Duplicate skipped: American Eagle Day - 2025-06-20
WARNING:root:Duplicate skipped: June Solstice - 2025-06-21
WARNING:root:Duplicate skipped: Helen Keller Day - 2025-06-27
WARNING:root:Duplicate skipped: Independence Day - 2025-07-04
WARNING:root:Duplicate skipped: Bastille Day - 2025-07-14
WARNING:root:Duplicate skipped: National Korean War Veterans Armistice Day - 2025-07-27
WARNING:root:Duplicate skipped: Parents' Day - 2025-07-27
WARNING:root:Duplicate skipped: Coast Guard Birthday - 2025-08-04
WARNING:root:Duplicate skipped: Purple Heart Day - 2025-08-07
WARNING:root:Duplicate skipped: Assumption of Mary - 2025-08-15
WARNING:root:Duplicate skipped: National Aviation Day - 2025-08-19
WARNING:root:Duplicate skipped: Senior Citizens Day - 2025-08-21
WARNING:root:Duplicate skipped: Women's Equality Day - 2025-08-26
WARNING:root:Duplicate skipped: Labor Day - 2025-09-01
WARNING:root:Duplicate skipped: Carl Garner Federal Lands Cleanup Day - 2025-09-06
WARNING:root:Duplicate skipped: National Grandparent's Day - 2025-09-07
WARNING:root:Duplicate skipped: Patriot Day - 2025-09-11
WARNING:root:Duplicate skipped: Citizenship Day - 2025-09-17
WARNING:root:Duplicate skipped: Air Force Birthday - 2025-09-18
WARNING:root:Duplicate skipped: National POW/MIA Recognition Day - 2025-09-19
WARNING:root:Duplicate skipped: National CleanUp Day - 2025-09-20
WARNING:root:Duplicate skipped: September Equinox - 2025-09-22
WARNING:root:Duplicate skipped: Rosh Hashanah - 2025-09-23
WARNING:root:Duplicate skipped: Gold Star Mother's Day - 2025-09-28
WARNING:root:Duplicate skipped: Yom Kippur - 2025-10-02
WARNING:root:Duplicate skipped: Feast of Saint Francis Assisi - 2025-10-04
WARNING:root:Duplicate skipped: Child Health Day - 2025-10-06
WARNING:root:Duplicate skipped: German-American Day - 2025-10-06
WARNING:root:Duplicate skipped: Leif Erikson Day - 2025-10-09
WARNING:root:Duplicate skipped: Columbus Day - 2025-10-13
WARNING:root:Duplicate skipped: Navy Birthday - 2025-10-13
WARNING:root:Duplicate skipped: White Cane Safety Day - 2025-10-15
WARNING:root:Duplicate skipped: Boss's Day - 2025-10-16
WARNING:root:Duplicate skipped: Halloween - 2025-10-31
WARNING:root:Duplicate skipped: All Saints' Day - 2025-11-01
WARNING:root:Duplicate skipped: All Souls' Day - 2025-11-02
WARNING:root:Duplicate skipped: End of Daylight Saving Time - 2025-11-02
WARNING:root:Duplicate skipped: New York City Marathon - 2025-11-02
WARNING:root:Duplicate skipped: Election Day - 2025-11-04
WARNING:root:Duplicate skipped: Marine Corps Birthday - 2025-11-10
WARNING:root:Duplicate skipped: Veterans Day - 2025-11-11
WARNING:root:Duplicate skipped: Thanksgiving Day - 2025-11-27
WARNING:root:Duplicate skipped: Black Friday - 2025-11-28
WARNING:root:Duplicate skipped: First Sunday of Advent - 2025-11-30
WARNING:root:Duplicate skipped: Cyber Monday - 2025-12-01
WARNING:root:Duplicate skipped: Saint Nicholas' Day - 2025-12-06
WARNING:root:Duplicate skipped: Pearl Harbor Remembrance Day - 2025-12-07
WARNING:root:Duplicate skipped: Feast of the Immaculate Conception - 2025-12-08
WARNING:root:Duplicate skipped: Feast of Our Lady Guadalupe - 2025-12-12
WARNING:root:Duplicate skipped: National Guard Birthday - 2025-12-13
WARNING:root:Duplicate skipped: Bill of Rights Day - 2025-12-15
WARNING:root:Duplicate skipped: Hanukkah - 2025-12-15
WARNING:root:Duplicate skipped: Second Day of Hanukkah - 2025-12-16
WARNING:root:Duplicate skipped: Pan American Aviation Day - 2025-12-17
WARNING:root:Duplicate skipped: Third Day of Hanukkah - 2025-12-17
WARNING:root:Duplicate skipped: Wright Brothers Day - 2025-12-17
WARNING:root:Duplicate skipped: Fourth Day of Hanukkah - 2025-12-18
WARNING:root:Duplicate skipped: Fifth Day of Hanukkah - 2025-12-19
WARNING:root:Duplicate skipped: Sixth Day of Hanukkah - 2025-12-20
WARNING:root:Duplicate skipped: December Solstice - 2025-12-21
WARNING:root:Duplicate skipped: Seventh Day of Hanukkah - 2025-12-21
WARNING:root:Duplicate skipped: Eighth Day of Hanukkah - 2025-12-22
WARNING:root:Duplicate skipped: Christmas Eve - 2025-12-24
WARNING:root:Duplicate skipped: Christmas Day - 2025-12-25
WARNING:root:Duplicate skipped: Kwanzaa - 2025-12-26
WARNING:root:Duplicate skipped: Second Day of Kwanzaa - 2025-12-27
WARNING:root:Duplicate skipped: Third Day of Kwanzaa - 2025-12-28
WARNING:root:Duplicate skipped: Fourth Day of Kwanzaa - 2025-12-29
WARNING:root:Duplicate skipped: Fifth Day of Kwanzaa - 2025-12-30
WARNING:root:Duplicate skipped: New Year's Eve - 2025-12-31
WARNING:root:Duplicate skipped: Sixth Day of Kwanzaa - 2025-12-31
INFO:root:Data insertion completed
INFO:root:Inserted rows: 0
INFO:root:Duplicate rows skipped: 148
INFO:root:Failed rows: 0
INFO:root:Connection close
